1,694 company-days with an 8-K (2024-2025), 460 dates, 2,760 peer rows; 4,454 keys to price
  ideas2: 100/4454 keys, 3s
  ideas2: 200/4454 keys, 7s
  ideas2: 300/4454 keys, 10s
  ideas2: 400/4454 keys, 12s
  ideas2: 500/4454 keys, 14s
  ideas2: 600/4454 keys, 16s
  ideas2: 700/4454 keys, 19s
  ideas2: 800/4454 keys, 22s
  ideas2: 900/4454 keys, 25s
  ideas2: 1000/4454 keys, 29s
  ideas2: 1100/4454 keys, 31s
  ideas2: 1200/4454 keys, 33s
  ideas2: 1300/4454 keys, 36s
  ideas2: 1400/4454 keys, 38s
  ideas2: 1500/4454 keys, 40s
  ideas2: 1600/4454 keys, 43s
  ideas2: 1700/4454 keys, 45s
  ideas2: 1800/4454 keys, 48s
  ideas2: 1900/4454 keys, 50s
  ideas2: 2000/4454 keys, 53s
  ideas2: 2100/4454 keys, 55s
  ideas2: 2200/4454 keys, 58s
  ideas2: 2300/4454 keys, 60s
  ideas2: 2400/4454 keys, 63s
  ideas2: 2500/4454 keys, 66s
  ideas2: 2600/4454 keys, 69s
  ideas2: 2700/4454 keys, 71s
  ideas2: 2800/4454 keys, 74s
  ideas2: 2900/4454 keys, 76s
  ideas2: 3000/4454 keys, 79s
  ideas2: 3100/4454 keys, 82s
  ideas2: 3200/4454 keys, 85s
  ideas2: 3300/4454 keys, 88s
  ideas2: 3400/4454 keys, 90s
  ideas2: 3500/4454 keys, 92s
  ideas2: 3600/4454 keys, 95s
  ideas2: 3700/4454 keys, 97s
  ideas2: 3800/4454 keys, 99s
  ideas2: 3900/4454 keys, 102s
  ideas2: 4000/4454 keys, 105s
  ideas2: 4100/4454 keys, 108s
  ideas2: 4200/4454 keys, 110s
  ideas2: 4300/4454 keys, 113s
  ideas2: 4400/4454 keys, 115s
  ideas2: 4454/4454 keys, 116s

## G · Resolved vs created · Cash-secured put vs peers
| horizon | RESOLVED (n) | CREATED (n) | difference | t |
|---|---|---|---|---|
| 1 | -0.04% (71) | -0.05% (138) | +0.01% | +0.2 |
| 2 | -0.07% (71) | -0.11% (135) | +0.03% | +0.2 |
| 3 | -0.11% (71) | -0.09% (137) | -0.03% | -0.1 |
| 5 | -0.21% (70) | -0.19% (137) | -0.02% | -0.1 |
| 10 | +0.06% (69) | -0.18% (137) | +0.24% | +0.9 |
| 21 | +0.19% (69) | -0.21% (136) | +0.40% | +1.1 |
| 42 | -0.12% (69) | -0.28% (138) | +0.16% | +0.3 |
| 63 | -0.39% (67) | -0.58% (128) | +0.20% | +0.3 |
| exp | -0.36% (64) | -0.42% (127) | +0.06% | +0.1 |

## G · Resolved vs created · Bought put (protective put minus stock) vs peers
| horizon | RESOLVED (n) | CREATED (n) | difference | t |
|---|---|---|---|---|
| 1 | +0.04% (71) | +0.05% (137) | -0.01% | -0.2 |
| 2 | +0.08% (70) | +0.11% (133) | -0.03% | -0.2 |
| 3 | +0.13% (70) | +0.07% (133) | +0.06% | +0.3 |
| 5 | +0.24% (67) | +0.21% (133) | +0.02% | +0.1 |
| 10 | -0.01% (68) | +0.24% (135) | -0.26% | -1.0 |
| 21 | -0.12% (67) | +0.24% (134) | -0.36% | -1.0 |
| 42 | +0.34% (66) | +0.40% (133) | -0.06% | -0.1 |
| 63 | +0.34% (63) | +0.57% (123) | -0.23% | -0.3 |
| exp | +0.55% (62) | +0.24% (115) | +0.32% | +0.3 |

## G · Resolved vs created · |realized| ÷ implied vs peers
| horizon | RESOLVED (n) | CREATED (n) | difference | t |
|---|---|---|---|---|
| 1 | -0.071 (75) | +0.096 (140) | -0.167 | -1.7 |
| 2 | -0.133 (74) | +0.206 (137) | -0.340 | -2.3 |
| 3 | +0.012 (74) | +0.210 (137) | -0.199 | -1.4 |
| 5 | -0.116 (71) | +0.177 (137) | -0.292 | -2.0 |
| 10 | +0.023 (71) | +0.145 (138) | -0.122 | -1.0 |
| 21 | -0.037 (71) | +0.021 (138) | -0.058 | -0.4 |
| 42 | +0.031 (70) | +0.135 (133) | -0.104 | -0.7 |
| 63 | -0.081 (65) | +0.123 (129) | -0.204 | -1.6 |
| exp | -0.054 (70) | +0.095 (127) | -0.149 | -1.0 |

## I · Signed drift after a filing-window surprise (|z| > 1, non-earnings), stock vs peers × sign(z)
| horizon | signed drift | t | n |
|---|---|---|---|
| 1 | +0.06% | +0.6 | 544 |
| 2 | +0.08% | +0.6 | 539 |
| 3 | +0.15% | +1.0 | 535 |
| 5 | +0.18% | +1.0 | 523 |
| 10 | -0.16% | -0.5 | 508 |
| 21 | -0.15% | -0.4 | 502 |
| 42 | -0.21% | -0.4 | 499 |
| 63 | -0.05% | -0.1 | 484 |
| exp | -0.05% | -0.1 | 493 |

Share of non-earnings company-days with |z| > 1: 41% (545 of 1319).

## I · After a positive surprise · Long call vs peers
| horizon | Long call vs peers | t | n |
|---|---|---|---|
| 1 | +0.02% | +0.2 | 281 |
| 2 | +0.04% | +0.3 | 280 |
| 3 | +0.03% | +0.1 | 279 |
| 5 | +0.10% | +0.5 | 274 |
| 10 | -0.05% | -0.2 | 271 |
| 21 | -0.10% | -0.2 | 264 |
| 42 | -0.17% | -0.2 | 261 |
| 63 | +0.99% | +0.9 | 252 |
| exp | +1.83% | +1.2 | 263 |

## I · After a negative surprise · Bought put vs peers
| horizon | Bought put vs peers | t | n |
|---|---|---|---|
| 1 | +0.01% | +0.2 | 262 |
| 2 | +0.03% | +0.6 | 258 |
| 3 | +0.15% | +1.8 | 255 |
| 5 | +0.18% | +1.5 | 245 |
| 10 | +0.06% | +0.4 | 243 |
| 21 | +0.09% | +0.5 | 239 |
| 42 | +0.17% | +0.6 | 232 |
| 63 | -0.05% | -0.1 | 229 |
| exp | -0.52% | -1.3 | 227 |

## J · Signed drift: Friday filings vs Monday-Thursday filings
| horizon | Friday (n) | Mon-Thu (n) | difference | t |
|---|---|---|---|---|
| 1 | +0.22% (94) | +0.02% (450) | +0.20% | +1.2 |
| 2 | +0.05% (92) | +0.09% (447) | -0.04% | -0.1 |
| 3 | +0.06% (92) | +0.17% (443) | -0.10% | -0.3 |
| 5 | +0.22% (92) | +0.17% (431) | +0.05% | +0.1 |
| 10 | -0.51% (87) | -0.09% (421) | -0.42% | -0.6 |
| 21 | -1.34% (87) | +0.10% (415) | -1.44% | -1.4 |
| 42 | -0.62% (87) | -0.12% (412) | -0.50% | -0.3 |
| 63 | -1.60% (85) | +0.28% (399) | -1.88% | -1.0 |
| exp | -0.80% (80) | +0.09% (413) | -0.89% | -0.4 |

## K · Busy (> 2 non-earnings filings in prior 60 days) vs others · |realized| ÷ implied vs peers
| horizon | busy (n) | others (n) | difference | t |
|---|---|---|---|---|
| 1 | +0.012 (252) | +0.019 (1053) | -0.006 | -0.1 |
| 2 | +0.059 (248) | +0.039 (1042) | +0.020 | +0.3 |
| 3 | +0.092 (246) | +0.025 (1038) | +0.067 | +0.8 |
| 5 | +0.109 (250) | -0.010 (1021) | +0.119 | +1.4 |
| 10 | +0.087 (240) | -0.027 (1009) | +0.114 | +1.2 |
| 21 | +0.015 (237) | -0.107 (998) | +0.122 | +1.7 |
| 42 | +0.072 (241) | -0.050 (980) | +0.122 | +1.8 |
| 63 | +0.041 (230) | +0.009 (949) | +0.031 | +0.3 |
| exp | +0.041 (233) | -0.005 (961) | +0.046 | +0.5 |

## K · Busy (> 2 non-earnings filings in prior 60 days) vs others · Bought put vs peers
| horizon | busy (n) | others (n) | difference | t |
|---|---|---|---|---|
| 1 | -0.01% (245) | +0.00% (1031) | -0.01% | -0.2 |
| 2 | +0.06% (241) | +0.03% (1011) | +0.03% | +0.4 |
| 3 | +0.16% (236) | +0.03% (1008) | +0.13% | +1.1 |
| 5 | +0.26% (241) | +0.05% (989) | +0.21% | +1.1 |
| 10 | +0.19% (234) | +0.02% (984) | +0.17% | +0.6 |
| 21 | -0.05% (227) | +0.07% (969) | -0.11% | -0.5 |
| 42 | -0.56% (233) | +0.12% (948) | -0.68% | -2.3 |
| 63 | -0.84% (219) | +0.33% (903) | -1.17% | -3.3 |
| exp | -0.98% (202) | +0.09% (880) | -1.07% | -2.6 |

## L · Sudden vs planned departures · Stock vs peers
| horizon | SUDDEN (n) | PLANNED (n) | difference | t |
|---|---|---|---|---|
| 1 | -0.24% (33) | -0.34% (77) | +0.10% | +0.3 |
| 2 | -0.88% (33) | -0.24% (74) | -0.63% | -1.3 |
| 3 | -1.26% (32) | -0.23% (74) | -1.03% | -1.7 |
| 5 | -0.92% (31) | -0.20% (77) | -0.73% | -0.9 |
| 10 | +0.13% (32) | -0.31% (76) | +0.45% | +0.3 |
| 21 | +0.59% (32) | -1.02% (75) | +1.61% | +0.7 |
| 42 | -1.54% (31) | -0.69% (72) | -0.85% | -0.3 |
| 63 | -2.38% (32) | -0.72% (70) | -1.65% | -0.5 |
| exp | -6.29% (30) | -2.33% (70) | -3.95% | -1.0 |

## L · Sudden vs planned departures · Bought put vs peers
| horizon | SUDDEN (n) | PLANNED (n) | difference | t |
|---|---|---|---|---|
| 1 | +0.17% (32) | +0.09% (75) | +0.08% | +0.6 |
| 2 | +0.28% (32) | +0.12% (72) | +0.16% | +0.9 |
| 3 | +0.51% (31) | +0.02% (72) | +0.49% | +2.3 |
| 5 | +0.32% (30) | +0.12% (76) | +0.20% | +0.7 |
| 10 | +0.14% (31) | +0.17% (75) | -0.03% | -0.1 |
| 21 | +0.39% (31) | +0.45% (73) | -0.06% | -0.1 |
| 42 | +1.07% (30) | +0.22% (72) | +0.85% | +0.9 |
| 63 | +0.88% (31) | +0.24% (68) | +0.63% | +0.5 |
| exp | +1.52% (28) | +0.71% (64) | +0.81% | +0.5 |

## M · Deal signed: stock/mixed vs cash-only consideration · Stock vs peers
| horizon | STOCK/MIXED (n) | CASH (n) | difference | t |
|---|---|---|---|---|
| 1 | +1.08% (11) | -0.32% (10) | +1.39% | +1.6 |
| 2 | +0.21% (11) | -0.53% (10) | +0.74% | +0.6 |
| 3 | +0.19% (11) | -0.69% (10) | +0.88% | +0.6 |
| 5 | -0.11% (11) | -0.49% (10) | +0.38% | +0.2 |
| 10 | -1.51% (9) | -1.90% (10) | +0.38% | +0.2 |
| 21 | -1.65% (9) | -1.89% (10) | +0.24% | +0.1 |
| 42 | -1.97% (10) | -6.56% (9) | +4.59% | +0.7 |
| 63 | -4.70% (9) | -7.08% (10) | +2.38% | +0.4 |
| exp | -7.03% (10) | -0.82% (9) | -6.21% | -1.1 |

Unclassified deal company-days: 28 of 53. STOCK/MIXED tickers: AMD, BA, BLK, CHTR, COF, COP, CVX, EMR, NFLX. CASH tickers: ABT, BLK, CRM, GOOGL, LOW, QCOM, T, TMO, UBER, UNP, VZ.

## N · Debt offerings: non-financial vs financial issuers · Cash-secured put vs peers
| horizon | non-financial (n) | financial (n) | difference | t |
|---|---|---|---|---|
| 1 | +0.04% (182) | +0.05% (70) | -0.01% | -0.2 |
| 2 | -0.03% (181) | -0.06% (69) | +0.03% | +0.4 |
| 3 | -0.13% (180) | -0.03% (70) | -0.10% | -1.0 |
| 5 | -0.10% (177) | -0.09% (71) | -0.00% | -0.0 |
| 10 | -0.12% (181) | -0.05% (71) | -0.07% | -0.3 |
| 21 | -0.06% (182) | +0.09% (69) | -0.15% | -0.6 |
| 42 | -0.01% (177) | +0.87% (70) | -0.87% | -2.4 |
| 63 | -0.22% (172) | +0.95% (63) | -1.17% | -2.8 |
| exp | +0.30% (169) | +1.14% (57) | -0.84% | -1.6 |

## E2 · Fresh vs stale filings (non-earnings)
Mean |z| (filing-window surprise, in implied-move units): FRESH 1.23 (n=501), STALE 0.98 (n=453); no parsable date: 365.

| horizon | FRESH signed drift (n) | STALE signed drift (n) | difference | t |
|---|---|---|---|---|
| 1 | -0.04% (228) | +0.03% (184) | -0.07% | -0.3 |
| 2 | -0.27% (226) | +0.12% (183) | -0.39% | -1.5 |
| 3 | -0.19% (222) | -0.00% (183) | -0.19% | -0.7 |
| 5 | -0.02% (214) | -0.04% (181) | +0.02% | +0.0 |
| 10 | -0.32% (207) | -0.38% (175) | +0.07% | +0.1 |
| 21 | -0.17% (203) | -0.78% (174) | +0.61% | +0.8 |
| 42 | -0.36% (208) | -0.53% (168) | +0.17% | +0.2 |
| 63 | -1.64% (198) | -0.21% (165) | -1.43% | -1.0 |
| exp | -1.26% (206) | +0.12% (172) | -1.38% | -0.7 |

## E2 · Deal lead split: fresh vs stale deal filings · Stock vs peers
| horizon | FRESH (n) | STALE (n) | difference | t |
|---|---|---|---|---|
| 1 | +0.06% (24) | -0.25% (15) | +0.31% | +0.4 |
| 2 | -0.81% (24) | +0.34% (15) | -1.16% | -1.6 |
| 3 | -0.71% (24) | -1.31% (16) | +0.60% | +0.6 |
| 5 | -0.12% (24) | -2.07% (15) | +1.95% | +1.8 |
| 10 | -1.78% (22) | -1.45% (14) | -0.33% | -0.2 |
| 21 | -1.50% (21) | +0.02% (15) | -1.52% | -0.8 |
| 42 | -1.81% (20) | -1.94% (11) | +0.13% | +0.0 |
| 63 | -5.42% (23) | -1.91% (12) | -3.51% | -0.8 |
| exp | -1.34% (20) | -2.71% (15) | +1.37% | +0.3 |

## H · Was it priced in? 3-6m implied move on t_pre ÷ the company's typical level
| filings | median ratio | share above typical | mean abs surprise z | n |
|---|---|---|---|---|
| scheduled | 1.006 | 53% | 1.66 | 535 |
| unscheduled | 0.997 | 47% | 0.99 | 1025 |

(The company's typical level is the median over the scan's 12 random pool days per ticker.)

Wrote /Users/hqdatt/Documents/GQH/massive/research/ideas2/results.md
