universe CIKs: 2,078
  submissions: 500/2,078  (9128.4/s, ~0 min left)
  submissions: 1,000/2,078  (9205.7/s, ~0 min left)
  submissions: 1,500/2,078  (9458.0/s, ~0 min left)
  submissions: 2,000/2,078  (9731.2/s, ~0 min left)
  submissions: 2,078/2,078  (9581.0/s, ~0 min left)
earnings 8-Ks (item 2.02) 2020-07-01..2026-06-30: 40,762 filings, 40,762 unique accessions, 1,878 companies
press releases needed by the test: 29,826 of 40,762
  EX-99 press releases: 500/29,826  (1623.7/s, ~0 min left)
  EX-99 press releases: 1,000/29,826  (18.8/s, ~26 min left)
  EX-99 press releases: 1,500/29,826  (13.0/s, ~36 min left)
  EX-99 press releases: 2,000/29,826  (11.2/s, ~41 min left)
  EX-99 press releases: 2,500/29,826  (10.4/s, ~44 min left)
  EX-99 press releases: 3,000/29,826  (9.9/s, ~45 min left)
  EX-99 press releases: 3,500/29,826  (9.6/s, ~46 min left)
  EX-99 press releases: 4,000/29,826  (9.3/s, ~46 min left)
  EX-99 press releases: 4,500/29,826  (9.2/s, ~46 min left)
  EX-99 press releases: 5,000/29,826  (9.0/s, ~46 min left)
  EX-99 press releases: 5,500/29,826  (8.9/s, ~45 min left)
  EX-99 press releases: 6,000/29,826  (8.8/s, ~45 min left)
  EX-99 press releases: 6,500/29,826  (8.8/s, ~44 min left)
  EX-99 press releases: 7,000/29,826  (8.7/s, ~44 min left)
  EX-99 press releases: 7,500/29,826  (8.7/s, ~43 min left)
  EX-99 press releases: 8,000/29,826  (8.6/s, ~42 min left)
  EX-99 press releases: 8,500/29,826  (8.6/s, ~41 min left)
  EX-99 press releases: 9,000/29,826  (8.5/s, ~41 min left)
  EX-99 press releases: 9,500/29,826  (8.5/s, ~40 min left)
  EX-99 press releases: 10,000/29,826  (8.5/s, ~39 min left)
  EX-99 press releases: 10,500/29,826  (8.5/s, ~38 min left)
  EX-99 press releases: 11,000/29,826  (8.4/s, ~37 min left)
  EX-99 press releases: 11,500/29,826  (8.4/s, ~36 min left)
  EX-99 press releases: 12,000/29,826  (8.4/s, ~35 min left)
  EX-99 press releases: 12,500/29,826  (8.4/s, ~34 min left)
  EX-99 press releases: 13,000/29,826  (8.4/s, ~34 min left)
  EX-99 press releases: 13,500/29,826  (8.4/s, ~33 min left)
  EX-99 press releases: 14,000/29,826  (8.3/s, ~32 min left)
  EX-99 press releases: 14,500/29,826  (8.3/s, ~31 min left)
  EX-99 press releases: 15,000/29,826  (8.3/s, ~30 min left)
  EX-99 press releases: 15,500/29,826  (8.3/s, ~29 min left)
  EX-99 press releases: 16,000/29,826  (8.3/s, ~28 min left)
  EX-99 press releases: 16,500/29,826  (8.3/s, ~27 min left)
  EX-99 press releases: 17,000/29,826  (8.3/s, ~26 min left)
  EX-99 press releases: 17,500/29,826  (8.3/s, ~25 min left)
  EX-99 press releases: 18,000/29,826  (8.3/s, ~24 min left)
  EX-99 press releases: 18,500/29,826  (8.3/s, ~23 min left)
  EX-99 press releases: 19,000/29,826  (8.2/s, ~22 min left)
  EX-99 press releases: 19,500/29,826  (8.2/s, ~21 min left)
  EX-99 press releases: 20,000/29,826  (8.2/s, ~20 min left)
  EX-99 press releases: 20,500/29,826  (8.2/s, ~19 min left)
  EX-99 press releases: 21,000/29,826  (8.2/s, ~18 min left)
  EX-99 press releases: 21,500/29,826  (8.2/s, ~17 min left)
  EX-99 press releases: 22,000/29,826  (8.2/s, ~16 min left)
  EX-99 press releases: 22,500/29,826  (8.2/s, ~15 min left)
  EX-99 press releases: 23,000/29,826  (8.2/s, ~14 min left)
  EX-99 press releases: 23,500/29,826  (8.2/s, ~13 min left)
  EX-99 press releases: 24,000/29,826  (8.2/s, ~12 min left)
  EX-99 press releases: 24,500/29,826  (8.2/s, ~11 min left)
  EX-99 press releases: 25,000/29,826  (8.2/s, ~10 min left)
  EX-99 press releases: 25,500/29,826  (8.2/s, ~9 min left)
  EX-99 press releases: 26,000/29,826  (8.2/s, ~8 min left)
  EX-99 press releases: 26,500/29,826  (8.2/s, ~7 min left)
  EX-99 press releases: 27,000/29,826  (8.2/s, ~6 min left)
  EX-99 press releases: 27,500/29,826  (8.2/s, ~5 min left)
  EX-99 press releases: 28,000/29,826  (8.2/s, ~4 min left)
  EX-99 press releases: 28,500/29,826  (8.2/s, ~3 min left)
  EX-99 press releases: 29,000/29,826  (8.2/s, ~2 min left)
  EX-99 press releases: 29,500/29,826  (8.2/s, ~1 min left)
  EX-99 press releases: 29,826/29,826  (8.2/s, ~0 min left)
EX-99 status: {'ok': 29460, 'no_ex99': 364, 'pdf': 1, 'no_ex99_capped': 1}
  XBRL company facts: 500/2,078  (8.0/s, ~3 min left)
  XBRL company facts: 1,000/2,078  (8.0/s, ~2 min left)
  XBRL company facts: 1,500/2,078  (8.0/s, ~1 min left)
  XBRL company facts: 2,000/2,078  (8.0/s, ~0 min left)
  XBRL company facts: 2,078/2,078  (8.0/s, ~0 min left)
done
exit 0
