taxonomy: 119 tertiary tags, 29 secondary, 8 primary; versions ['1.0']
  20/100 tickers
  40/100 tickers
  60/100 tickers
  80/100 tickers
  100/100 tickers
5,927 tagged disclosures for the top 100, 2022-01-01..2025-12-31; 100 tickers have at least one
earnings-family tags: ['accounting_error_correction', 'annual_earnings', 'asset_impairment', 'audit_opinion_withdrawal', 'financial_restatement', 'goodwill_impairment', 'guidance_issuance_or_update', 'guidance_withdrawal', 'internal_control_weakness', 'investment_impairment', 'material_charge_or_gain', 'nav_per_share', 'preliminary_results', 'quarterly_earnings']
earnings-family filing days in-sample (proxy earnings calendar): 236 (a full calendar would be ~800 for 100 names over 8 quarters)
                                           primary_category  ... expected_oos_events
tertiary_category                                            ...                    
debt_issuance                         capital_and_financing  ...                92.3
executive_compensation_change     leadership_and_governance  ...                58.0
annual_meeting_results                 shareholder_activity  ...                50.0
investor_presentation                  shareholder_activity  ...                49.7
underwriting_agreement                capital_and_financing  ...                48.7
executive_officer_departure       leadership_and_governance  ...                44.0
quarterly_earnings                        financial_results  ...                43.7
shareholder_proposal_outcome           shareholder_activity  ...                40.3
executive_officer_appointment     leadership_and_governance  ...                35.0
director_departure                leadership_and_governance  ...                33.7
director_appointment              leadership_and_governance  ...                32.3
dividend_declaration                  capital_and_financing  ...                26.3
credit_facility                       capital_and_financing  ...                20.7
guidance_issuance_or_update               financial_results  ...                20.0
business_update                        shareholder_activity  ...                18.0
bylaw_amendment                   leadership_and_governance  ...                15.7
guarantee_or_letter_of_credit         capital_and_financing  ...                14.0
debt_retirement                       capital_and_financing  ...                13.3
charter_amendment                 leadership_and_governance  ...                12.0
share_repurchase_program              capital_and_financing  ...                12.0
strategic_initiative                operations_and_strategy  ...                11.3
cfo_appointment                   leadership_and_governance  ...                11.3
equity_compensation_grant             capital_and_financing  ...                11.0
ceo_departure                     leadership_and_governance  ...                10.3
cfo_departure                     leadership_and_governance  ...                10.3
material_charge_or_gain                   financial_results  ...                 9.7
acquisition_agreement                strategic_transactions  ...                 9.7
merger_agreement                     strategic_transactions  ...                 9.0
preliminary_results                       financial_results  ...                 8.3
deal_termination                     strategic_transactions  ...                 8.3
settlement_agreement                operations_and_strategy  ...                 8.0
acquisition_completion               strategic_transactions  ...                 8.0
preferred_stock_modification      leadership_and_governance  ...                 6.7
public_offering                       capital_and_financing  ...                 6.3
ceo_appointment                   leadership_and_governance  ...                 5.7
acquisition_consideration_shares      capital_and_financing  ...                 5.0
restructuring_plan                  operations_and_strategy  ...                 4.7
tender_offer                          capital_and_financing  ...                 4.3
asset_impairment                          financial_results  ...                 4.0
regulatory_investigation                        risk_events  ...                 3.7
stock_split                           capital_and_financing  ...                 3.7
annual_earnings                           financial_results  ...                 3.7
divestiture_agreement                strategic_transactions  ...                 3.7
business_line_exit                  operations_and_strategy  ...                 3.7
material_litigation                             risk_events  ...                 3.7
workforce_reduction                 operations_and_strategy  ...                 3.7
spinoff_completion                   strategic_transactions  ...                 3.3
trading_plan_10b5_1                    shareholder_activity  ...                 3.3
merger_completion                    strategic_transactions  ...                 3.0
capital_allocation_update              shareholder_activity  ...                 2.7
dividend_policy_change                capital_and_financing  ...                 2.3
control_disposition               leadership_and_governance  ...                 2.0
joint_venture_agreement              strategic_transactions  ...                 2.0
regulatory_decision                 operations_and_strategy  ...                 2.0
special_meeting_results                shareholder_activity  ...                 1.7
cybersecurity_incident                          risk_events  ...                 1.3
facility_closure                    operations_and_strategy  ...                 1.3
benefit_plan_blackout                  shareholder_activity  ...                 1.3
private_placement                     capital_and_financing  ...                 1.3
divestiture_completion               strategic_transactions  ...                 1.3
significant_contract_award          operations_and_strategy  ...                 1.0
listing_transfer                  regulatory_and_compliance  ...                 1.0
new_auditor_engagement            regulatory_and_compliance  ...                 1.0
goodwill_impairment                       financial_results  ...                 1.0
credit_facility_draw                  capital_and_financing  ...                 1.0
partnership_or_collaboration        operations_and_strategy  ...                 1.0
product_or_service_launch           operations_and_strategy  ...                 1.0
voluntary_bankruptcy                            risk_events  ...                 0.7
control_acquisition               leadership_and_governance  ...                 0.7
activist_investor_campaign             shareholder_activity  ...                 0.7
investment_impairment                     financial_results  ...                 0.7
supply_or_distribution_agreement    operations_and_strategy  ...                 0.7
warrant_or_conversion                 capital_and_financing  ...                 0.7
licensing_agreement                  strategic_transactions  ...                 0.7
asset_purchase_or_sale               strategic_transactions  ...                 0.3
clinical_trial_results              operations_and_strategy  ...                 0.3
accounting_error_correction               financial_results  ...                 0.3
mine_safety_violation                           risk_events  ...                 0.3
financial_restatement                     financial_results  ...                 0.3
voluntary_delisting               regulatory_and_compliance  ...                 0.3
deal_withdrawal                      strategic_transactions  ...                 0.3
fiscal_year_change                leadership_and_governance  ...                 0.3
internal_control_weakness                 financial_results  ...                 NaN
shareholder_meeting_notice             shareholder_activity  ...                 NaN
listing_compliance_regained       regulatory_and_compliance  ...                 NaN
delisting_determination           regulatory_and_compliance  ...                 NaN
rights_offering                       capital_and_financing  ...                 NaN
abs_structural_change             regulatory_and_compliance  ...                 NaN
abs_distribution_failure          regulatory_and_compliance  ...                 NaN
payment_default                       capital_and_financing  ...                 NaN
nav_per_share                             financial_results  ...                 NaN
auditor_disagreement              regulatory_and_compliance  ...                 NaN
shareholder_rights_plan           leadership_and_governance  ...                 NaN
director_nomination                    shareholder_activity  ...                 NaN
code_of_ethics_change             leadership_and_governance  ...                 NaN
reverse_merger                    leadership_and_governance  ...                 NaN
going_private_transaction         leadership_and_governance  ...                 NaN
rating_downgrade_trigger              capital_and_financing  ...                 NaN
listing_deficiency_notice         regulatory_and_compliance  ...                 NaN
mine_closure                                    risk_events  ...                 NaN
covenant_violation                    capital_and_financing  ...                 NaN
off_balance_sheet_arrangement         capital_and_financing  ...                 NaN
patent_milestone                    operations_and_strategy  ...                 NaN
audit_opinion_withdrawal                  financial_results  ...                 NaN
esg_sustainability_commitment       operations_and_strategy  ...                 NaN
credit_rating_change                  capital_and_financing  ...                 NaN
lease_agreement                     operations_and_strategy  ...                 NaN
deal_breach_default                  strategic_transactions  ...                 NaN
class_action_filing                             risk_events  ...                 NaN
debt_acceleration                     capital_and_financing  ...                 NaN
auditor_dismissal                 regulatory_and_compliance  ...                 NaN
involuntary_bankruptcy                          risk_events  ...                 NaN
receivership_appointment                        risk_events  ...                 NaN
bankruptcy_emergence                            risk_events  ...                 NaN
going_concern                                   risk_events  ...                 NaN
guidance_withdrawal                       financial_results  ...                 NaN
natural_disaster_impact                         risk_events  ...                 NaN
auditor_resignation               regulatory_and_compliance  ...                 NaN
pipe_transaction                      capital_and_financing  ...                 NaN

[119 rows x 7 columns]
